  Determining projects to restore...
C:\Users\danie\source\repos\CSide - Umbraco\Woosh.csproj : warning NU1902: Package 'Umbraco.Cms' 16.0.0 has a known moderate severity vulnerability, https://github.com/advisories/GHSA-54mj-vcvj-q3v5 [C:\Users\danie\source\repos\CSide - Umbraco\Woosh.sln]
  All projects are up-to-date for restore.
C:\Users\danie\source\repos\CSide - Umbraco\Woosh.csproj : warning NU1902: Package 'Umbraco.Cms' 16.0.0 has a known moderate severity vulnerability, https://github.com/advisories/GHSA-54mj-vcvj-q3v5
C:\Users\danie\source\repos\CSide - Umbraco\Controllers\MapboxController.cs(16,24): warning CS8601: Possible null reference assignment. [C:\Users\danie\source\repos\CSide - Umbraco\Woosh.csproj]
C:\Users\danie\source\repos\CSide - Umbraco\Controllers\MapboxController.cs(13,12): warning CS8618: Non-nullable field '_mapboxToken' must contain a non-null value when exiting constructor. Consider adding the 'required' modifier or declaring the field as nullable. [C:\Users\danie\source\repos\CSide - Umbraco\Woosh.csproj]
C:\Users\danie\source\repos\CSide - Umbraco\Models\Requests\SimulatorFormModel.cs(21,19): warning CS8618: Non-nullable property 'Type' must contain a non-null value when exiting constructor. Consider adding the 'required' modifier or declaring the property as nullable. [C:\Users\danie\source\repos\CSide - Umbraco\Woosh.csproj]
C:\Users\danie\source\repos\CSide - Umbraco\Models\Requests\SimulatorFormModel.cs(22,19): warning CS8618: Non-nullable property 'Name' must contain a non-null value when exiting constructor. Consider adding the 'required' modifier or declaring the property as nullable. [C:\Users\danie\source\repos\CSide - Umbraco\Woosh.csproj]
C:\Users\danie\source\repos\CSide - Umbraco\Models\Requests\SimulatorFormModel.cs(23,19): warning CS8618: Non-nullable property 'TotalPrice' must contain a non-null value when exiting constructor. Consider adding the 'required' modifier or declaring the property as nullable. [C:\Users\danie\source\repos\CSide - Umbraco\Woosh.csproj]
C:\Users\danie\source\repos\CSide - Umbraco\Models\Requests\SimulatorFormModel.cs(24,30): warning CS8618: Non-nullable property 'Properties' must contain a non-null value when exiting constructor. Consider adding the 'required' modifier or declaring the property as nullable. [C:\Users\danie\source\repos\CSide - Umbraco\Woosh.csproj]
C:\Users\danie\source\repos\CSide - Umbraco\Models\Requests\SimulatorFormModel.cs(6,19): warning CS8618: Non-nullable property 'Name' must contain a non-null value when exiting constructor. Consider adding the 'required' modifier or declaring the property as nullable. [C:\Users\danie\source\repos\CSide - Umbraco\Woosh.csproj]
C:\Users\danie\source\repos\CSide - Umbraco\Models\Requests\SimulatorFormModel.cs(7,19): warning CS8618: Non-nullable property 'Email' must contain a non-null value when exiting constructor. Consider adding the 'required' modifier or declaring the property as nullable. [C:\Users\danie\source\repos\CSide - Umbraco\Woosh.csproj]
C:\Users\danie\source\repos\CSide - Umbraco\Models\Requests\SimulatorFormModel.cs(8,19): warning CS8618: Non-nullable property 'Phone' must contain a non-null value when exiting constructor. Consider adding the 'required' modifier or declaring the property as nullable. [C:\Users\danie\source\repos\CSide - Umbraco\Woosh.csproj]
C:\Users\danie\source\repos\CSide - Umbraco\Models\Requests\SimulatorFormModel.cs(9,19): warning CS8618: Non-nullable property 'Location' must contain a non-null value when exiting constructor. Consider adding the 'required' modifier or declaring the property as nullable. [C:\Users\danie\source\repos\CSide - Umbraco\Woosh.csproj]
C:\Users\danie\source\repos\CSide - Umbraco\Models\Requests\SimulatorFormModel.cs(57,19): warning CS8618: Non-nullable property 'Name' must contain a non-null value when exiting constructor. Consider adding the 'required' modifier or declaring the property as nullable. [C:\Users\danie\source\repos\CSide - Umbraco\Woosh.csproj]
C:\Users\danie\source\repos\CSide - Umbraco\Models\Requests\SimulatorFormModel.cs(39,16): warning CS8603: Possible null reference return. [C:\Users\danie\source\repos\CSide - Umbraco\Woosh.csproj]
C:\Users\danie\source\repos\CSide - Umbraco\Models\Requests\SimulatorFormModel.cs(31,19): warning CS8618: Non-nullable property 'Finish' must contain a non-null value when exiting constructor. Consider adding the 'required' modifier or declaring the property as nullable. [C:\Users\danie\source\repos\CSide - Umbraco\Woosh.csproj]
C:\Users\danie\source\repos\CSide - Umbraco\Models\Requests\SimulatorFormModel.cs(33,19): warning CS8618: Non-nullable property 'Service' must contain a non-null value when exiting constructor. Consider adding the 'required' modifier or declaring the property as nullable. [C:\Users\danie\source\repos\CSide - Umbraco\Woosh.csproj]
C:\Users\danie\source\repos\CSide - Umbraco\Models\Requests\SimulatorFormModel.cs(34,19): warning CS8618: Non-nullable property 'Specifications' must contain a non-null value when exiting constructor. Consider adding the 'required' modifier or declaring the property as nullable. [C:\Users\danie\source\repos\CSide - Umbraco\Woosh.csproj]
C:\Users\danie\source\repos\CSide - Umbraco\Models\DTOs\SmtpSettings.cs(3,19): warning CS8618: Non-nullable property 'Host' must contain a non-null value when exiting constructor. Consider adding the 'required' modifier or declaring the property as nullable. [C:\Users\danie\source\repos\CSide - Umbraco\Woosh.csproj]
C:\Users\danie\source\repos\CSide - Umbraco\Models\DTOs\SmtpSettings.cs(6,19): warning CS8618: Non-nullable property 'UserName' must contain a non-null value when exiting constructor. Consider adding the 'required' modifier or declaring the property as nullable. [C:\Users\danie\source\repos\CSide - Umbraco\Woosh.csproj]
C:\Users\danie\source\repos\CSide - Umbraco\Models\DTOs\SmtpSettings.cs(7,19): warning CS8618: Non-nullable property 'Password' must contain a non-null value when exiting constructor. Consider adding the 'required' modifier or declaring the property as nullable. [C:\Users\danie\source\repos\CSide - Umbraco\Woosh.csproj]
C:\Users\danie\source\repos\CSide - Umbraco\Models\DTOs\SmtpSettings.cs(8,19): warning CS8618: Non-nullable property 'FromName' must contain a non-null value when exiting constructor. Consider adding the 'required' modifier or declaring the property as nullable. [C:\Users\danie\source\repos\CSide - Umbraco\Woosh.csproj]
C:\Users\danie\source\repos\CSide - Umbraco\Models\DTOs\SmtpSettings.cs(9,19): warning CS8618: Non-nullable property 'FromEmail' must contain a non-null value when exiting constructor. Consider adding the 'required' modifier or declaring the property as nullable. [C:\Users\danie\source\repos\CSide - Umbraco\Woosh.csproj]
C:\Users\danie\source\repos\CSide - Umbraco\Models\Requests\PartnerFormModel.cs(6,23): warning CS8618: Non-nullable property 'Name' must contain a non-null value when exiting constructor. Consider adding the 'required' modifier or declaring the property as nullable. [C:\Users\danie\source\repos\CSide - Umbraco\Woosh.csproj]
C:\Users\danie\source\repos\CSide - Umbraco\Models\Requests\PartnerFormModel.cs(8,23): warning CS8618: Non-nullable property 'PostalCode' must contain a non-null value when exiting constructor. Consider adding the 'required' modifier or declaring the property as nullable. [C:\Users\danie\source\repos\CSide - Umbraco\Woosh.csproj]
C:\Users\danie\source\repos\CSide - Umbraco\Models\Requests\PartnerFormModel.cs(9,23): warning CS8618: Non-nullable property 'Email' must contain a non-null value when exiting constructor. Consider adding the 'required' modifier or declaring the property as nullable. [C:\Users\danie\source\repos\CSide - Umbraco\Woosh.csproj]
C:\Users\danie\source\repos\CSide - Umbraco\Models\Requests\PartnerFormModel.cs(10,23): warning CS8618: Non-nullable property 'Address' must contain a non-null value when exiting constructor. Consider adding the 'required' modifier or declaring the property as nullable. [C:\Users\danie\source\repos\CSide - Umbraco\Woosh.csproj]
C:\Users\danie\source\repos\CSide - Umbraco\Models\Requests\PartnerFormModel.cs(11,23): warning CS8618: Non-nullable property 'City' must contain a non-null value when exiting constructor. Consider adding the 'required' modifier or declaring the property as nullable. [C:\Users\danie\source\repos\CSide - Umbraco\Woosh.csproj]
C:\Users\danie\source\repos\CSide - Umbraco\Models\Requests\PartnerFormModel.cs(12,23): warning CS8618: Non-nullable property 'Message' must contain a non-null value when exiting constructor. Consider adding the 'required' modifier or declaring the property as nullable. [C:\Users\danie\source\repos\CSide - Umbraco\Woosh.csproj]
C:\Users\danie\source\repos\CSide - Umbraco\Models\Requests\NominatinResult.cs(5,23): warning CS8618: Non-nullable property 'lat' must contain a non-null value when exiting constructor. Consider adding the 'required' modifier or declaring the property as nullable. [C:\Users\danie\source\repos\CSide - Umbraco\Woosh.csproj]
C:\Users\danie\source\repos\CSide - Umbraco\Models\Requests\NominatinResult.cs(6,23): warning CS8618: Non-nullable property 'lon' must contain a non-null value when exiting constructor. Consider adding the 'required' modifier or declaring the property as nullable. [C:\Users\danie\source\repos\CSide - Umbraco\Woosh.csproj]
C:\Users\danie\source\repos\CSide - Umbraco\Models\Requests\FormationFormModel.cs(8,23): warning CS8618: Non-nullable property 'Name' must contain a non-null value when exiting constructor. Consider adding the 'required' modifier or declaring the property as nullable. [C:\Users\danie\source\repos\CSide - Umbraco\Woosh.csproj]
C:\Users\danie\source\repos\CSide - Umbraco\Models\Requests\FormationFormModel.cs(12,23): warning CS8618: Non-nullable property 'Email' must contain a non-null value when exiting constructor. Consider adding the 'required' modifier or declaring the property as nullable. [C:\Users\danie\source\repos\CSide - Umbraco\Woosh.csproj]
C:\Users\danie\source\repos\CSide - Umbraco\Models\Requests\FormationFormModel.cs(16,23): warning CS8618: Non-nullable property 'Phone' must contain a non-null value when exiting constructor. Consider adding the 'required' modifier or declaring the property as nullable. [C:\Users\danie\source\repos\CSide - Umbraco\Woosh.csproj]
C:\Users\danie\source\repos\CSide - Umbraco\Models\Requests\FormationFormModel.cs(20,23): warning CS8618: Non-nullable property 'Message' must contain a non-null value when exiting constructor. Consider adding the 'required' modifier or declaring the property as nullable. [C:\Users\danie\source\repos\CSide - Umbraco\Woosh.csproj]
C:\Users\danie\source\repos\CSide - Umbraco\Models\Requests\FormationFormModel.cs(23,23): warning CS8618: Non-nullable property 'Formation' must contain a non-null value when exiting constructor. Consider adding the 'required' modifier or declaring the property as nullable. [C:\Users\danie\source\repos\CSide - Umbraco\Woosh.csproj]
C:\Users\danie\source\repos\CSide - Umbraco\Models\Requests\FormationFormModel.cs(26,23): warning CS8618: Non-nullable property 'Address' must contain a non-null value when exiting constructor. Consider adding the 'required' modifier or declaring the property as nullable. [C:\Users\danie\source\repos\CSide - Umbraco\Woosh.csproj]
C:\Users\danie\source\repos\CSide - Umbraco\Models\Requests\ContactFormModel.cs(5,23): warning CS8618: Non-nullable property 'Name' must contain a non-null value when exiting constructor. Consider adding the 'required' modifier or declaring the property as nullable. [C:\Users\danie\source\repos\CSide - Umbraco\Woosh.csproj]
C:\Users\danie\source\repos\CSide - Umbraco\Models\Requests\ContactFormModel.cs(6,23): warning CS8618: Non-nullable property 'Email' must contain a non-null value when exiting constructor. Consider adding the 'required' modifier or declaring the property as nullable. [C:\Users\danie\source\repos\CSide - Umbraco\Woosh.csproj]
C:\Users\danie\source\repos\CSide - Umbraco\Models\Requests\ContactFormModel.cs(7,23): warning CS8618: Non-nullable property 'City' must contain a non-null value when exiting constructor. Consider adding the 'required' modifier or declaring the property as nullable. [C:\Users\danie\source\repos\CSide - Umbraco\Woosh.csproj]
C:\Users\danie\source\repos\CSide - Umbraco\Models\Requests\ContactFormModel.cs(8,23): warning CS8618: Non-nullable property 'Subject' must contain a non-null value when exiting constructor. Consider adding the 'required' modifier or declaring the property as nullable. [C:\Users\danie\source\repos\CSide - Umbraco\Woosh.csproj]
C:\Users\danie\source\repos\CSide - Umbraco\Models\Requests\ContactFormModel.cs(9,23): warning CS8618: Non-nullable property 'Message' must contain a non-null value when exiting constructor. Consider adding the 'required' modifier or declaring the property as nullable. [C:\Users\danie\source\repos\CSide - Umbraco\Woosh.csproj]
C:\Users\danie\source\repos\CSide - Umbraco\Models\Requests\BudgetRequestModel.cs(26,23): warning CS8618: Non-nullable property 'Nome' must contain a non-null value when exiting constructor. Consider adding the 'required' modifier or declaring the property as nullable. [C:\Users\danie\source\repos\CSide - Umbraco\Woosh.csproj]
C:\Users\danie\source\repos\CSide - Umbraco\Models\Requests\BudgetRequestModel.cs(9,23): warning CS8618: Non-nullable property 'Name' must contain a non-null value when exiting constructor. Consider adding the 'required' modifier or declaring the property as nullable. [C:\Users\danie\source\repos\CSide - Umbraco\Woosh.csproj]
C:\Users\danie\source\repos\CSide - Umbraco\Models\Requests\BudgetRequestModel.cs(13,23): warning CS8618: Non-nullable property 'Email' must contain a non-null value when exiting constructor. Consider adding the 'required' modifier or declaring the property as nullable. [C:\Users\danie\source\repos\CSide - Umbraco\Woosh.csproj]
C:\Users\danie\source\repos\CSide - Umbraco\Models\Requests\BudgetRequestModel.cs(15,23): warning CS8618: Non-nullable property 'Phone' must contain a non-null value when exiting constructor. Consider adding the 'required' modifier or declaring the property as nullable. [C:\Users\danie\source\repos\CSide - Umbraco\Woosh.csproj]
C:\Users\danie\source\repos\CSide - Umbraco\Models\Requests\BudgetRequestModel.cs(17,23): warning CS8618: Non-nullable property 'Message' must contain a non-null value when exiting constructor. Consider adding the 'required' modifier or declaring the property as nullable. [C:\Users\danie\source\repos\CSide - Umbraco\Woosh.csproj]
C:\Users\danie\source\repos\CSide - Umbraco\Models\DTOs\ProductDto.cs(5,23): warning CS8618: Non-nullable property 'Id' must contain a non-null value when exiting constructor. Consider adding the 'required' modifier or declaring the property as nullable. [C:\Users\danie\source\repos\CSide - Umbraco\Woosh.csproj]
C:\Users\danie\source\repos\CSide - Umbraco\Models\DTOs\ProductDto.cs(6,23): warning CS8618: Non-nullable property 'CategoriaId' must contain a non-null value when exiting constructor. Consider adding the 'required' modifier or declaring the property as nullable. [C:\Users\danie\source\repos\CSide - Umbraco\Woosh.csproj]
C:\Users\danie\source\repos\CSide - Umbraco\Models\DTOs\ProductDto.cs(7,23): warning CS8618: Non-nullable property 'CategoriaNome' must contain a non-null value when exiting constructor. Consider adding the 'required' modifier or declaring the property as nullable. [C:\Users\danie\source\repos\CSide - Umbraco\Woosh.csproj]
C:\Users\danie\source\repos\CSide - Umbraco\Models\DTOs\ProductDto.cs(8,23): warning CS8618: Non-nullable property 'Titulo' must contain a non-null value when exiting constructor. Consider adding the 'required' modifier or declaring the property as nullable. [C:\Users\danie\source\repos\CSide - Umbraco\Woosh.csproj]
C:\Users\danie\source\repos\CSide - Umbraco\Models\DTOs\ProductDto.cs(9,23): warning CS8618: Non-nullable property 'Descricao' must contain a non-null value when exiting constructor. Consider adding the 'required' modifier or declaring the property as nullable. [C:\Users\danie\source\repos\CSide - Umbraco\Woosh.csproj]
C:\Users\danie\source\repos\CSide - Umbraco\Models\DTOs\ProductDto.cs(10,23): warning CS8618: Non-nullable property 'Peso' must contain a non-null value when exiting constructor. Consider adding the 'required' modifier or declaring the property as nullable. [C:\Users\danie\source\repos\CSide - Umbraco\Woosh.csproj]
C:\Users\danie\source\repos\CSide - Umbraco\Models\DTOs\ProductDto.cs(11,23): warning CS8618: Non-nullable property 'Preco' must contain a non-null value when exiting constructor. Consider adding the 'required' modifier or declaring the property as nullable. [C:\Users\danie\source\repos\CSide - Umbraco\Woosh.csproj]
C:\Users\danie\source\repos\CSide - Umbraco\Models\DTOs\ProductDto.cs(12,23): warning CS8618: Non-nullable property 'Imagem' must contain a non-null value when exiting constructor. Consider adding the 'required' modifier or declaring the property as nullable. [C:\Users\danie\source\repos\CSide - Umbraco\Woosh.csproj]
C:\Users\danie\source\repos\CSide - Umbraco\Models\DTOs\ProductDto.cs(13,23): warning CS8618: Non-nullable property 'FichaTecnica' must contain a non-null value when exiting constructor. Consider adding the 'required' modifier or declaring the property as nullable. [C:\Users\danie\source\repos\CSide - Umbraco\Woosh.csproj]
C:\Users\danie\source\repos\CSide - Umbraco\Models\DTOs\ProductDto.cs(14,23): warning CS8618: Non-nullable property 'FichaSeguranca' must contain a non-null value when exiting constructor. Consider adding the 'required' modifier or declaring the property as nullable. [C:\Users\danie\source\repos\CSide - Umbraco\Woosh.csproj]
C:\Users\danie\source\repos\CSide - Umbraco\Models\DTOs\LaundryDTO.cs(6,23): warning CS8618: Non-nullable property 'Numero' must contain a non-null value when exiting constructor. Consider adding the 'required' modifier or declaring the property as nullable. [C:\Users\danie\source\repos\CSide - Umbraco\Woosh.csproj]
C:\Users\danie\source\repos\CSide - Umbraco\Models\DTOs\LaundryDTO.cs(7,23): warning CS8618: Non-nullable property 'Nome' must contain a non-null value when exiting constructor. Consider adding the 'required' modifier or declaring the property as nullable. [C:\Users\danie\source\repos\CSide - Umbraco\Woosh.csproj]
C:\Users\danie\source\repos\CSide - Umbraco\Models\DTOs\LaundryDTO.cs(8,23): warning CS8618: Non-nullable property 'Endereco' must contain a non-null value when exiting constructor. Consider adding the 'required' modifier or declaring the property as nullable. [C:\Users\danie\source\repos\CSide - Umbraco\Woosh.csproj]
C:\Users\danie\source\repos\CSide - Umbraco\Models\DTOs\LaundryDTO.cs(9,23): warning CS8618: Non-nullable property 'Idioma' must contain a non-null value when exiting constructor. Consider adding the 'required' modifier or declaring the property as nullable. [C:\Users\danie\source\repos\CSide - Umbraco\Woosh.csproj]
C:\Users\danie\source\repos\CSide - Umbraco\Models\DTOs\LaundryDTO.cs(10,23): warning CS8618: Non-nullable property 'Rota' must contain a non-null value when exiting constructor. Consider adding the 'required' modifier or declaring the property as nullable. [C:\Users\danie\source\repos\CSide - Umbraco\Woosh.csproj]
C:\Users\danie\source\repos\CSide - Umbraco\Models\DTOs\LaundryDTO.cs(11,23): warning CS8618: Non-nullable property 'Cidade' must contain a non-null value when exiting constructor. Consider adding the 'required' modifier or declaring the property as nullable. [C:\Users\danie\source\repos\CSide - Umbraco\Woosh.csproj]
C:\Users\danie\source\repos\CSide - Umbraco\Models\DTOs\LaundryDTO.cs(12,23): warning CS8618: Non-nullable property 'ZipCode' must contain a non-null value when exiting constructor. Consider adding the 'required' modifier or declaring the property as nullable. [C:\Users\danie\source\repos\CSide - Umbraco\Woosh.csproj]
C:\Users\danie\source\repos\CSide - Umbraco\Models\DTOs\LaundryDTO.cs(13,23): warning CS8618: Non-nullable property 'Telefone' must contain a non-null value when exiting constructor. Consider adding the 'required' modifier or declaring the property as nullable. [C:\Users\danie\source\repos\CSide - Umbraco\Woosh.csproj]
C:\Users\danie\source\repos\CSide - Umbraco\Controllers\ContactsController.cs(46,37): warning CS8604: Possible null reference argument for parameter 'toEmail' in 'void EmailService.SendEmail(string toEmail, string subject, string body, bool isHtml = true)'. [C:\Users\danie\source\repos\CSide - Umbraco\Woosh.csproj]
C:\Users\danie\source\repos\CSide - Umbraco\Controllers\ContactsController.cs(59,37): warning CS8604: Possible null reference argument for parameter 'toEmail' in 'void EmailService.SendEmail(string toEmail, string subject, string body, bool isHtml = true)'. [C:\Users\danie\source\repos\CSide - Umbraco\Woosh.csproj]
C:\Users\danie\source\repos\CSide - Umbraco\Controllers\ContactsController.cs(71,37): warning CS8604: Possible null reference argument for parameter 'toEmail' in 'void EmailService.SendEmail(string toEmail, string subject, string body, bool isHtml = true)'. [C:\Users\danie\source\repos\CSide - Umbraco\Woosh.csproj]
C:\Users\danie\source\repos\CSide - Umbraco\Controllers\ContactsController.cs(84,41): warning CS8604: Possible null reference argument for parameter 'toEmail' in 'void EmailService.SendEmail(string toEmail, string subject, string body, bool isHtml = true)'. [C:\Users\danie\source\repos\CSide - Umbraco\Woosh.csproj]
C:\Users\danie\source\repos\CSide - Umbraco\Controllers\ContactsController.cs(105,37): warning CS8604: Possible null reference argument for parameter 'toEmail' in 'void EmailService.SendEmail(string toEmail, string subject, string body, bool isHtml = true)'. [C:\Users\danie\source\repos\CSide - Umbraco\Woosh.csproj]
C:\Users\danie\source\repos\CSide - Umbraco\Services\ProductService.cs(50,22): warning CS8601: Possible null reference assignment. [C:\Users\danie\source\repos\CSide - Umbraco\Woosh.csproj]
C:\Users\danie\source\repos\CSide - Umbraco\Services\ProductService.cs(51,31): warning CS8601: Possible null reference assignment. [C:\Users\danie\source\repos\CSide - Umbraco\Woosh.csproj]
C:\Users\danie\source\repos\CSide - Umbraco\Services\ProductService.cs(52,33): warning CS8601: Possible null reference assignment. [C:\Users\danie\source\repos\CSide - Umbraco\Woosh.csproj]
C:\Users\danie\source\repos\CSide - Umbraco\Services\ProductService.cs(53,26): warning CS8601: Possible null reference assignment. [C:\Users\danie\source\repos\CSide - Umbraco\Woosh.csproj]
C:\Users\danie\source\repos\CSide - Umbraco\Services\ProductService.cs(54,29): warning CS8601: Possible null reference assignment. [C:\Users\danie\source\repos\CSide - Umbraco\Woosh.csproj]
C:\Users\danie\source\repos\CSide - Umbraco\Services\ProductService.cs(55,24): warning CS8601: Possible null reference assignment. [C:\Users\danie\source\repos\CSide - Umbraco\Woosh.csproj]
C:\Users\danie\source\repos\CSide - Umbraco\Services\ProductService.cs(56,25): warning CS8601: Possible null reference assignment. [C:\Users\danie\source\repos\CSide - Umbraco\Woosh.csproj]
C:\Users\danie\source\repos\CSide - Umbraco\Services\ProductService.cs(57,26): warning CS8601: Possible null reference assignment. [C:\Users\danie\source\repos\CSide - Umbraco\Woosh.csproj]
C:\Users\danie\source\repos\CSide - Umbraco\Services\ProductService.cs(58,32): warning CS8601: Possible null reference assignment. [C:\Users\danie\source\repos\CSide - Umbraco\Woosh.csproj]
C:\Users\danie\source\repos\CSide - Umbraco\Services\ProductService.cs(59,34): warning CS8601: Possible null reference assignment. [C:\Users\danie\source\repos\CSide - Umbraco\Woosh.csproj]
C:\Users\danie\source\repos\CSide - Umbraco\Controllers\ContentManagerController.cs(48,48): error CS1061: 'UmbracoHelper' does not contain a definition for 'ContentAtXPath' and no accessible extension method 'ContentAtXPath' accepting a first argument of type 'UmbracoHelper' could be found (are you missing a using directive or an assembly reference?) [C:\Users\danie\source\repos\CSide - Umbraco\Woosh.csproj]
C:\Users\danie\source\repos\CSide - Umbraco\Controllers\LocatorController.cs(135,42): warning CS8601: Possible null reference assignment. [C:\Users\danie\source\repos\CSide - Umbraco\Woosh.csproj]
C:\Users\danie\source\repos\CSide - Umbraco\Controllers\LocatorController.cs(136,40): warning CS8601: Possible null reference assignment. [C:\Users\danie\source\repos\CSide - Umbraco\Woosh.csproj]
C:\Users\danie\source\repos\CSide - Umbraco\Controllers\LocatorController.cs(137,44): warning CS8601: Possible null reference assignment. [C:\Users\danie\source\repos\CSide - Umbraco\Woosh.csproj]
C:\Users\danie\source\repos\CSide - Umbraco\Controllers\LocatorController.cs(138,42): warning CS8601: Possible null reference assignment. [C:\Users\danie\source\repos\CSide - Umbraco\Woosh.csproj]
C:\Users\danie\source\repos\CSide - Umbraco\Controllers\LocatorController.cs(139,40): warning CS8601: Possible null reference assignment. [C:\Users\danie\source\repos\CSide - Umbraco\Woosh.csproj]
C:\Users\danie\source\repos\CSide - Umbraco\Controllers\LocatorController.cs(140,42): warning CS8601: Possible null reference assignment. [C:\Users\danie\source\repos\CSide - Umbraco\Woosh.csproj]
C:\Users\danie\source\repos\CSide - Umbraco\Controllers\LocatorController.cs(141,43): warning CS8601: Possible null reference assignment. [C:\Users\danie\source\repos\CSide - Umbraco\Woosh.csproj]
C:\Users\danie\source\repos\CSide - Umbraco\Controllers\LocatorController.cs(142,44): warning CS8601: Possible null reference assignment. [C:\Users\danie\source\repos\CSide - Umbraco\Woosh.csproj]
C:\Users\danie\source\repos\CSide - Umbraco\Controllers\LocatorController.cs(163,40): warning CS8714: The type 'string?' cannot be used as type parameter 'TKey' in the generic type or method 'Enumerable.ToDictionary<TSource, TKey, TElement>(IEnumerable<TSource>, Func<TSource, TKey>, Func<TSource, TElement>, IEqualityComparer<TKey>?)'. Nullability of type argument 'string?' doesn't match 'notnull' constraint. [C:\Users\danie\source\repos\CSide - Umbraco\Woosh.csproj]
C:\Users\danie\source\repos\CSide - Umbraco\Controllers\LocatorController.cs(163,67): warning CS8621: Nullability of reference types in return type of 'lambda expression' doesn't match the target delegate 'Func<IContent, string?>' (possibly because of nullability attributes). [C:\Users\danie\source\repos\CSide - Umbraco\Woosh.csproj]

Build FAILED.

C:\Users\danie\source\repos\CSide - Umbraco\Woosh.csproj : warning NU1902: Package 'Umbraco.Cms' 16.0.0 has a known moderate severity vulnerability, https://github.com/advisories/GHSA-54mj-vcvj-q3v5 [C:\Users\danie\source\repos\CSide - Umbraco\Woosh.sln]
C:\Users\danie\source\repos\CSide - Umbraco\Woosh.csproj : warning NU1902: Package 'Umbraco.Cms' 16.0.0 has a known moderate severity vulnerability, https://github.com/advisories/GHSA-54mj-vcvj-q3v5
C:\Users\danie\source\repos\CSide - Umbraco\Controllers\MapboxController.cs(16,24): warning CS8601: Possible null reference assignment. [C:\Users\danie\source\repos\CSide - Umbraco\Woosh.csproj]
C:\Users\danie\source\repos\CSide - Umbraco\Controllers\MapboxController.cs(13,12): warning CS8618: Non-nullable field '_mapboxToken' must contain a non-null value when exiting constructor. Consider adding the 'required' modifier or declaring the field as nullable. [C:\Users\danie\source\repos\CSide - Umbraco\Woosh.csproj]
C:\Users\danie\source\repos\CSide - Umbraco\Models\Requests\SimulatorFormModel.cs(21,19): warning CS8618: Non-nullable property 'Type' must contain a non-null value when exiting constructor. Consider adding the 'required' modifier or declaring the property as nullable. [C:\Users\danie\source\repos\CSide - Umbraco\Woosh.csproj]
C:\Users\danie\source\repos\CSide - Umbraco\Models\Requests\SimulatorFormModel.cs(22,19): warning CS8618: Non-nullable property 'Name' must contain a non-null value when exiting constructor. Consider adding the 'required' modifier or declaring the property as nullable. [C:\Users\danie\source\repos\CSide - Umbraco\Woosh.csproj]
C:\Users\danie\source\repos\CSide - Umbraco\Models\Requests\SimulatorFormModel.cs(23,19): warning CS8618: Non-nullable property 'TotalPrice' must contain a non-null value when exiting constructor. Consider adding the 'required' modifier or declaring the property as nullable. [C:\Users\danie\source\repos\CSide - Umbraco\Woosh.csproj]
C:\Users\danie\source\repos\CSide - Umbraco\Models\Requests\SimulatorFormModel.cs(24,30): warning CS8618: Non-nullable property 'Properties' must contain a non-null value when exiting constructor. Consider adding the 'required' modifier or declaring the property as nullable. [C:\Users\danie\source\repos\CSide - Umbraco\Woosh.csproj]
C:\Users\danie\source\repos\CSide - Umbraco\Models\Requests\SimulatorFormModel.cs(6,19): warning CS8618: Non-nullable property 'Name' must contain a non-null value when exiting constructor. Consider adding the 'required' modifier or declaring the property as nullable. [C:\Users\danie\source\repos\CSide - Umbraco\Woosh.csproj]
C:\Users\danie\source\repos\CSide - Umbraco\Models\Requests\SimulatorFormModel.cs(7,19): warning CS8618: Non-nullable property 'Email' must contain a non-null value when exiting constructor. Consider adding the 'required' modifier or declaring the property as nullable. [C:\Users\danie\source\repos\CSide - Umbraco\Woosh.csproj]
C:\Users\danie\source\repos\CSide - Umbraco\Models\Requests\SimulatorFormModel.cs(8,19): warning CS8618: Non-nullable property 'Phone' must contain a non-null value when exiting constructor. Consider adding the 'required' modifier or declaring the property as nullable. [C:\Users\danie\source\repos\CSide - Umbraco\Woosh.csproj]
C:\Users\danie\source\repos\CSide - Umbraco\Models\Requests\SimulatorFormModel.cs(9,19): warning CS8618: Non-nullable property 'Location' must contain a non-null value when exiting constructor. Consider adding the 'required' modifier or declaring the property as nullable. [C:\Users\danie\source\repos\CSide - Umbraco\Woosh.csproj]
C:\Users\danie\source\repos\CSide - Umbraco\Models\Requests\SimulatorFormModel.cs(57,19): warning CS8618: Non-nullable property 'Name' must contain a non-null value when exiting constructor. Consider adding the 'required' modifier or declaring the property as nullable. [C:\Users\danie\source\repos\CSide - Umbraco\Woosh.csproj]
C:\Users\danie\source\repos\CSide - Umbraco\Models\Requests\SimulatorFormModel.cs(39,16): warning CS8603: Possible null reference return. [C:\Users\danie\source\repos\CSide - Umbraco\Woosh.csproj]
C:\Users\danie\source\repos\CSide - Umbraco\Models\Requests\SimulatorFormModel.cs(31,19): warning CS8618: Non-nullable property 'Finish' must contain a non-null value when exiting constructor. Consider adding the 'required' modifier or declaring the property as nullable. [C:\Users\danie\source\repos\CSide - Umbraco\Woosh.csproj]
C:\Users\danie\source\repos\CSide - Umbraco\Models\Requests\SimulatorFormModel.cs(33,19): warning CS8618: Non-nullable property 'Service' must contain a non-null value when exiting constructor. Consider adding the 'required' modifier or declaring the property as nullable. [C:\Users\danie\source\repos\CSide - Umbraco\Woosh.csproj]
C:\Users\danie\source\repos\CSide - Umbraco\Models\Requests\SimulatorFormModel.cs(34,19): warning CS8618: Non-nullable property 'Specifications' must contain a non-null value when exiting constructor. Consider adding the 'required' modifier or declaring the property as nullable. [C:\Users\danie\source\repos\CSide - Umbraco\Woosh.csproj]
C:\Users\danie\source\repos\CSide - Umbraco\Models\DTOs\SmtpSettings.cs(3,19): warning CS8618: Non-nullable property 'Host' must contain a non-null value when exiting constructor. Consider adding the 'required' modifier or declaring the property as nullable. [C:\Users\danie\source\repos\CSide - Umbraco\Woosh.csproj]
C:\Users\danie\source\repos\CSide - Umbraco\Models\DTOs\SmtpSettings.cs(6,19): warning CS8618: Non-nullable property 'UserName' must contain a non-null value when exiting constructor. Consider adding the 'required' modifier or declaring the property as nullable. [C:\Users\danie\source\repos\CSide - Umbraco\Woosh.csproj]
C:\Users\danie\source\repos\CSide - Umbraco\Models\DTOs\SmtpSettings.cs(7,19): warning CS8618: Non-nullable property 'Password' must contain a non-null value when exiting constructor. Consider adding the 'required' modifier or declaring the property as nullable. [C:\Users\danie\source\repos\CSide - Umbraco\Woosh.csproj]
C:\Users\danie\source\repos\CSide - Umbraco\Models\DTOs\SmtpSettings.cs(8,19): warning CS8618: Non-nullable property 'FromName' must contain a non-null value when exiting constructor. Consider adding the 'required' modifier or declaring the property as nullable. [C:\Users\danie\source\repos\CSide - Umbraco\Woosh.csproj]
C:\Users\danie\source\repos\CSide - Umbraco\Models\DTOs\SmtpSettings.cs(9,19): warning CS8618: Non-nullable property 'FromEmail' must contain a non-null value when exiting constructor. Consider adding the 'required' modifier or declaring the property as nullable. [C:\Users\danie\source\repos\CSide - Umbraco\Woosh.csproj]
C:\Users\danie\source\repos\CSide - Umbraco\Models\Requests\PartnerFormModel.cs(6,23): warning CS8618: Non-nullable property 'Name' must contain a non-null value when exiting constructor. Consider adding the 'required' modifier or declaring the property as nullable. [C:\Users\danie\source\repos\CSide - Umbraco\Woosh.csproj]
C:\Users\danie\source\repos\CSide - Umbraco\Models\Requests\PartnerFormModel.cs(8,23): warning CS8618: Non-nullable property 'PostalCode' must contain a non-null value when exiting constructor. Consider adding the 'required' modifier or declaring the property as nullable. [C:\Users\danie\source\repos\CSide - Umbraco\Woosh.csproj]
C:\Users\danie\source\repos\CSide - Umbraco\Models\Requests\PartnerFormModel.cs(9,23): warning CS8618: Non-nullable property 'Email' must contain a non-null value when exiting constructor. Consider adding the 'required' modifier or declaring the property as nullable. [C:\Users\danie\source\repos\CSide - Umbraco\Woosh.csproj]
C:\Users\danie\source\repos\CSide - Umbraco\Models\Requests\PartnerFormModel.cs(10,23): warning CS8618: Non-nullable property 'Address' must contain a non-null value when exiting constructor. Consider adding the 'required' modifier or declaring the property as nullable. [C:\Users\danie\source\repos\CSide - Umbraco\Woosh.csproj]
C:\Users\danie\source\repos\CSide - Umbraco\Models\Requests\PartnerFormModel.cs(11,23): warning CS8618: Non-nullable property 'City' must contain a non-null value when exiting constructor. Consider adding the 'required' modifier or declaring the property as nullable. [C:\Users\danie\source\repos\CSide - Umbraco\Woosh.csproj]
C:\Users\danie\source\repos\CSide - Umbraco\Models\Requests\PartnerFormModel.cs(12,23): warning CS8618: Non-nullable property 'Message' must contain a non-null value when exiting constructor. Consider adding the 'required' modifier or declaring the property as nullable. [C:\Users\danie\source\repos\CSide - Umbraco\Woosh.csproj]
C:\Users\danie\source\repos\CSide - Umbraco\Models\Requests\NominatinResult.cs(5,23): warning CS8618: Non-nullable property 'lat' must contain a non-null value when exiting constructor. Consider adding the 'required' modifier or declaring the property as nullable. [C:\Users\danie\source\repos\CSide - Umbraco\Woosh.csproj]
C:\Users\danie\source\repos\CSide - Umbraco\Models\Requests\NominatinResult.cs(6,23): warning CS8618: Non-nullable property 'lon' must contain a non-null value when exiting constructor. Consider adding the 'required' modifier or declaring the property as nullable. [C:\Users\danie\source\repos\CSide - Umbraco\Woosh.csproj]
C:\Users\danie\source\repos\CSide - Umbraco\Models\Requests\FormationFormModel.cs(8,23): warning CS8618: Non-nullable property 'Name' must contain a non-null value when exiting constructor. Consider adding the 'required' modifier or declaring the property as nullable. [C:\Users\danie\source\repos\CSide - Umbraco\Woosh.csproj]
C:\Users\danie\source\repos\CSide - Umbraco\Models\Requests\FormationFormModel.cs(12,23): warning CS8618: Non-nullable property 'Email' must contain a non-null value when exiting constructor. Consider adding the 'required' modifier or declaring the property as nullable. [C:\Users\danie\source\repos\CSide - Umbraco\Woosh.csproj]
C:\Users\danie\source\repos\CSide - Umbraco\Models\Requests\FormationFormModel.cs(16,23): warning CS8618: Non-nullable property 'Phone' must contain a non-null value when exiting constructor. Consider adding the 'required' modifier or declaring the property as nullable. [C:\Users\danie\source\repos\CSide - Umbraco\Woosh.csproj]
C:\Users\danie\source\repos\CSide - Umbraco\Models\Requests\FormationFormModel.cs(20,23): warning CS8618: Non-nullable property 'Message' must contain a non-null value when exiting constructor. Consider adding the 'required' modifier or declaring the property as nullable. [C:\Users\danie\source\repos\CSide - Umbraco\Woosh.csproj]
C:\Users\danie\source\repos\CSide - Umbraco\Models\Requests\FormationFormModel.cs(23,23): warning CS8618: Non-nullable property 'Formation' must contain a non-null value when exiting constructor. Consider adding the 'required' modifier or declaring the property as nullable. [C:\Users\danie\source\repos\CSide - Umbraco\Woosh.csproj]
C:\Users\danie\source\repos\CSide - Umbraco\Models\Requests\FormationFormModel.cs(26,23): warning CS8618: Non-nullable property 'Address' must contain a non-null value when exiting constructor. Consider adding the 'required' modifier or declaring the property as nullable. [C:\Users\danie\source\repos\CSide - Umbraco\Woosh.csproj]
C:\Users\danie\source\repos\CSide - Umbraco\Models\Requests\ContactFormModel.cs(5,23): warning CS8618: Non-nullable property 'Name' must contain a non-null value when exiting constructor. Consider adding the 'required' modifier or declaring the property as nullable. [C:\Users\danie\source\repos\CSide - Umbraco\Woosh.csproj]
C:\Users\danie\source\repos\CSide - Umbraco\Models\Requests\ContactFormModel.cs(6,23): warning CS8618: Non-nullable property 'Email' must contain a non-null value when exiting constructor. Consider adding the 'required' modifier or declaring the property as nullable. [C:\Users\danie\source\repos\CSide - Umbraco\Woosh.csproj]
C:\Users\danie\source\repos\CSide - Umbraco\Models\Requests\ContactFormModel.cs(7,23): warning CS8618: Non-nullable property 'City' must contain a non-null value when exiting constructor. Consider adding the 'required' modifier or declaring the property as nullable. [C:\Users\danie\source\repos\CSide - Umbraco\Woosh.csproj]
C:\Users\danie\source\repos\CSide - Umbraco\Models\Requests\ContactFormModel.cs(8,23): warning CS8618: Non-nullable property 'Subject' must contain a non-null value when exiting constructor. Consider adding the 'required' modifier or declaring the property as nullable. [C:\Users\danie\source\repos\CSide - Umbraco\Woosh.csproj]
C:\Users\danie\source\repos\CSide - Umbraco\Models\Requests\ContactFormModel.cs(9,23): warning CS8618: Non-nullable property 'Message' must contain a non-null value when exiting constructor. Consider adding the 'required' modifier or declaring the property as nullable. [C:\Users\danie\source\repos\CSide - Umbraco\Woosh.csproj]
C:\Users\danie\source\repos\CSide - Umbraco\Models\Requests\BudgetRequestModel.cs(26,23): warning CS8618: Non-nullable property 'Nome' must contain a non-null value when exiting constructor. Consider adding the 'required' modifier or declaring the property as nullable. [C:\Users\danie\source\repos\CSide - Umbraco\Woosh.csproj]
C:\Users\danie\source\repos\CSide - Umbraco\Models\Requests\BudgetRequestModel.cs(9,23): warning CS8618: Non-nullable property 'Name' must contain a non-null value when exiting constructor. Consider adding the 'required' modifier or declaring the property as nullable. [C:\Users\danie\source\repos\CSide - Umbraco\Woosh.csproj]
C:\Users\danie\source\repos\CSide - Umbraco\Models\Requests\BudgetRequestModel.cs(13,23): warning CS8618: Non-nullable property 'Email' must contain a non-null value when exiting constructor. Consider adding the 'required' modifier or declaring the property as nullable. [C:\Users\danie\source\repos\CSide - Umbraco\Woosh.csproj]
C:\Users\danie\source\repos\CSide - Umbraco\Models\Requests\BudgetRequestModel.cs(15,23): warning CS8618: Non-nullable property 'Phone' must contain a non-null value when exiting constructor. Consider adding the 'required' modifier or declaring the property as nullable. [C:\Users\danie\source\repos\CSide - Umbraco\Woosh.csproj]
C:\Users\danie\source\repos\CSide - Umbraco\Models\Requests\BudgetRequestModel.cs(17,23): warning CS8618: Non-nullable property 'Message' must contain a non-null value when exiting constructor. Consider adding the 'required' modifier or declaring the property as nullable. [C:\Users\danie\source\repos\CSide - Umbraco\Woosh.csproj]
C:\Users\danie\source\repos\CSide - Umbraco\Models\DTOs\ProductDto.cs(5,23): warning CS8618: Non-nullable property 'Id' must contain a non-null value when exiting constructor. Consider adding the 'required' modifier or declaring the property as nullable. [C:\Users\danie\source\repos\CSide - Umbraco\Woosh.csproj]
C:\Users\danie\source\repos\CSide - Umbraco\Models\DTOs\ProductDto.cs(6,23): warning CS8618: Non-nullable property 'CategoriaId' must contain a non-null value when exiting constructor. Consider adding the 'required' modifier or declaring the property as nullable. [C:\Users\danie\source\repos\CSide - Umbraco\Woosh.csproj]
C:\Users\danie\source\repos\CSide - Umbraco\Models\DTOs\ProductDto.cs(7,23): warning CS8618: Non-nullable property 'CategoriaNome' must contain a non-null value when exiting constructor. Consider adding the 'required' modifier or declaring the property as nullable. [C:\Users\danie\source\repos\CSide - Umbraco\Woosh.csproj]
C:\Users\danie\source\repos\CSide - Umbraco\Models\DTOs\ProductDto.cs(8,23): warning CS8618: Non-nullable property 'Titulo' must contain a non-null value when exiting constructor. Consider adding the 'required' modifier or declaring the property as nullable. [C:\Users\danie\source\repos\CSide - Umbraco\Woosh.csproj]
C:\Users\danie\source\repos\CSide - Umbraco\Models\DTOs\ProductDto.cs(9,23): warning CS8618: Non-nullable property 'Descricao' must contain a non-null value when exiting constructor. Consider adding the 'required' modifier or declaring the property as nullable. [C:\Users\danie\source\repos\CSide - Umbraco\Woosh.csproj]
C:\Users\danie\source\repos\CSide - Umbraco\Models\DTOs\ProductDto.cs(10,23): warning CS8618: Non-nullable property 'Peso' must contain a non-null value when exiting constructor. Consider adding the 'required' modifier or declaring the property as nullable. [C:\Users\danie\source\repos\CSide - Umbraco\Woosh.csproj]
C:\Users\danie\source\repos\CSide - Umbraco\Models\DTOs\ProductDto.cs(11,23): warning CS8618: Non-nullable property 'Preco' must contain a non-null value when exiting constructor. Consider adding the 'required' modifier or declaring the property as nullable. [C:\Users\danie\source\repos\CSide - Umbraco\Woosh.csproj]
C:\Users\danie\source\repos\CSide - Umbraco\Models\DTOs\ProductDto.cs(12,23): warning CS8618: Non-nullable property 'Imagem' must contain a non-null value when exiting constructor. Consider adding the 'required' modifier or declaring the property as nullable. [C:\Users\danie\source\repos\CSide - Umbraco\Woosh.csproj]
C:\Users\danie\source\repos\CSide - Umbraco\Models\DTOs\ProductDto.cs(13,23): warning CS8618: Non-nullable property 'FichaTecnica' must contain a non-null value when exiting constructor. Consider adding the 'required' modifier or declaring the property as nullable. [C:\Users\danie\source\repos\CSide - Umbraco\Woosh.csproj]
C:\Users\danie\source\repos\CSide - Umbraco\Models\DTOs\ProductDto.cs(14,23): warning CS8618: Non-nullable property 'FichaSeguranca' must contain a non-null value when exiting constructor. Consider adding the 'required' modifier or declaring the property as nullable. [C:\Users\danie\source\repos\CSide - Umbraco\Woosh.csproj]
C:\Users\danie\source\repos\CSide - Umbraco\Models\DTOs\LaundryDTO.cs(6,23): warning CS8618: Non-nullable property 'Numero' must contain a non-null value when exiting constructor. Consider adding the 'required' modifier or declaring the property as nullable. [C:\Users\danie\source\repos\CSide - Umbraco\Woosh.csproj]
C:\Users\danie\source\repos\CSide - Umbraco\Models\DTOs\LaundryDTO.cs(7,23): warning CS8618: Non-nullable property 'Nome' must contain a non-null value when exiting constructor. Consider adding the 'required' modifier or declaring the property as nullable. [C:\Users\danie\source\repos\CSide - Umbraco\Woosh.csproj]
C:\Users\danie\source\repos\CSide - Umbraco\Models\DTOs\LaundryDTO.cs(8,23): warning CS8618: Non-nullable property 'Endereco' must contain a non-null value when exiting constructor. Consider adding the 'required' modifier or declaring the property as nullable. [C:\Users\danie\source\repos\CSide - Umbraco\Woosh.csproj]
C:\Users\danie\source\repos\CSide - Umbraco\Models\DTOs\LaundryDTO.cs(9,23): warning CS8618: Non-nullable property 'Idioma' must contain a non-null value when exiting constructor. Consider adding the 'required' modifier or declaring the property as nullable. [C:\Users\danie\source\repos\CSide - Umbraco\Woosh.csproj]
C:\Users\danie\source\repos\CSide - Umbraco\Models\DTOs\LaundryDTO.cs(10,23): warning CS8618: Non-nullable property 'Rota' must contain a non-null value when exiting constructor. Consider adding the 'required' modifier or declaring the property as nullable. [C:\Users\danie\source\repos\CSide - Umbraco\Woosh.csproj]
C:\Users\danie\source\repos\CSide - Umbraco\Models\DTOs\LaundryDTO.cs(11,23): warning CS8618: Non-nullable property 'Cidade' must contain a non-null value when exiting constructor. Consider adding the 'required' modifier or declaring the property as nullable. [C:\Users\danie\source\repos\CSide - Umbraco\Woosh.csproj]
C:\Users\danie\source\repos\CSide - Umbraco\Models\DTOs\LaundryDTO.cs(12,23): warning CS8618: Non-nullable property 'ZipCode' must contain a non-null value when exiting constructor. Consider adding the 'required' modifier or declaring the property as nullable. [C:\Users\danie\source\repos\CSide - Umbraco\Woosh.csproj]
C:\Users\danie\source\repos\CSide - Umbraco\Models\DTOs\LaundryDTO.cs(13,23): warning CS8618: Non-nullable property 'Telefone' must contain a non-null value when exiting constructor. Consider adding the 'required' modifier or declaring the property as nullable. [C:\Users\danie\source\repos\CSide - Umbraco\Woosh.csproj]
C:\Users\danie\source\repos\CSide - Umbraco\Controllers\ContactsController.cs(46,37): warning CS8604: Possible null reference argument for parameter 'toEmail' in 'void EmailService.SendEmail(string toEmail, string subject, string body, bool isHtml = true)'. [C:\Users\danie\source\repos\CSide - Umbraco\Woosh.csproj]
C:\Users\danie\source\repos\CSide - Umbraco\Controllers\ContactsController.cs(59,37): warning CS8604: Possible null reference argument for parameter 'toEmail' in 'void EmailService.SendEmail(string toEmail, string subject, string body, bool isHtml = true)'. [C:\Users\danie\source\repos\CSide - Umbraco\Woosh.csproj]
C:\Users\danie\source\repos\CSide - Umbraco\Controllers\ContactsController.cs(71,37): warning CS8604: Possible null reference argument for parameter 'toEmail' in 'void EmailService.SendEmail(string toEmail, string subject, string body, bool isHtml = true)'. [C:\Users\danie\source\repos\CSide - Umbraco\Woosh.csproj]
C:\Users\danie\source\repos\CSide - Umbraco\Controllers\ContactsController.cs(84,41): warning CS8604: Possible null reference argument for parameter 'toEmail' in 'void EmailService.SendEmail(string toEmail, string subject, string body, bool isHtml = true)'. [C:\Users\danie\source\repos\CSide - Umbraco\Woosh.csproj]
C:\Users\danie\source\repos\CSide - Umbraco\Controllers\ContactsController.cs(105,37): warning CS8604: Possible null reference argument for parameter 'toEmail' in 'void EmailService.SendEmail(string toEmail, string subject, string body, bool isHtml = true)'. [C:\Users\danie\source\repos\CSide - Umbraco\Woosh.csproj]
C:\Users\danie\source\repos\CSide - Umbraco\Services\ProductService.cs(50,22): warning CS8601: Possible null reference assignment. [C:\Users\danie\source\repos\CSide - Umbraco\Woosh.csproj]
C:\Users\danie\source\repos\CSide - Umbraco\Services\ProductService.cs(51,31): warning CS8601: Possible null reference assignment. [C:\Users\danie\source\repos\CSide - Umbraco\Woosh.csproj]
C:\Users\danie\source\repos\CSide - Umbraco\Services\ProductService.cs(52,33): warning CS8601: Possible null reference assignment. [C:\Users\danie\source\repos\CSide - Umbraco\Woosh.csproj]
C:\Users\danie\source\repos\CSide - Umbraco\Services\ProductService.cs(53,26): warning CS8601: Possible null reference assignment. [C:\Users\danie\source\repos\CSide - Umbraco\Woosh.csproj]
C:\Users\danie\source\repos\CSide - Umbraco\Services\ProductService.cs(54,29): warning CS8601: Possible null reference assignment. [C:\Users\danie\source\repos\CSide - Umbraco\Woosh.csproj]
C:\Users\danie\source\repos\CSide - Umbraco\Services\ProductService.cs(55,24): warning CS8601: Possible null reference assignment. [C:\Users\danie\source\repos\CSide - Umbraco\Woosh.csproj]
C:\Users\danie\source\repos\CSide - Umbraco\Services\ProductService.cs(56,25): warning CS8601: Possible null reference assignment. [C:\Users\danie\source\repos\CSide - Umbraco\Woosh.csproj]
C:\Users\danie\source\repos\CSide - Umbraco\Services\ProductService.cs(57,26): warning CS8601: Possible null reference assignment. [C:\Users\danie\source\repos\CSide - Umbraco\Woosh.csproj]
C:\Users\danie\source\repos\CSide - Umbraco\Services\ProductService.cs(58,32): warning CS8601: Possible null reference assignment. [C:\Users\danie\source\repos\CSide - Umbraco\Woosh.csproj]
C:\Users\danie\source\repos\CSide - Umbraco\Services\ProductService.cs(59,34): warning CS8601: Possible null reference assignment. [C:\Users\danie\source\repos\CSide - Umbraco\Woosh.csproj]
C:\Users\danie\source\repos\CSide - Umbraco\Controllers\LocatorController.cs(135,42): warning CS8601: Possible null reference assignment. [C:\Users\danie\source\repos\CSide - Umbraco\Woosh.csproj]
C:\Users\danie\source\repos\CSide - Umbraco\Controllers\LocatorController.cs(136,40): warning CS8601: Possible null reference assignment. [C:\Users\danie\source\repos\CSide - Umbraco\Woosh.csproj]
C:\Users\danie\source\repos\CSide - Umbraco\Controllers\LocatorController.cs(137,44): warning CS8601: Possible null reference assignment. [C:\Users\danie\source\repos\CSide - Umbraco\Woosh.csproj]
C:\Users\danie\source\repos\CSide - Umbraco\Controllers\LocatorController.cs(138,42): warning CS8601: Possible null reference assignment. [C:\Users\danie\source\repos\CSide - Umbraco\Woosh.csproj]
C:\Users\danie\source\repos\CSide - Umbraco\Controllers\LocatorController.cs(139,40): warning CS8601: Possible null reference assignment. [C:\Users\danie\source\repos\CSide - Umbraco\Woosh.csproj]
C:\Users\danie\source\repos\CSide - Umbraco\Controllers\LocatorController.cs(140,42): warning CS8601: Possible null reference assignment. [C:\Users\danie\source\repos\CSide - Umbraco\Woosh.csproj]
C:\Users\danie\source\repos\CSide - Umbraco\Controllers\LocatorController.cs(141,43): warning CS8601: Possible null reference assignment. [C:\Users\danie\source\repos\CSide - Umbraco\Woosh.csproj]
C:\Users\danie\source\repos\CSide - Umbraco\Controllers\LocatorController.cs(142,44): warning CS8601: Possible null reference assignment. [C:\Users\danie\source\repos\CSide - Umbraco\Woosh.csproj]
C:\Users\danie\source\repos\CSide - Umbraco\Controllers\LocatorController.cs(163,40): warning CS8714: The type 'string?' cannot be used as type parameter 'TKey' in the generic type or method 'Enumerable.ToDictionary<TSource, TKey, TElement>(IEnumerable<TSource>, Func<TSource, TKey>, Func<TSource, TElement>, IEqualityComparer<TKey>?)'. Nullability of type argument 'string?' doesn't match 'notnull' constraint. [C:\Users\danie\source\repos\CSide - Umbraco\Woosh.csproj]
C:\Users\danie\source\repos\CSide - Umbraco\Controllers\LocatorController.cs(163,67): warning CS8621: Nullability of reference types in return type of 'lambda expression' doesn't match the target delegate 'Func<IContent, string?>' (possibly because of nullability attributes). [C:\Users\danie\source\repos\CSide - Umbraco\Woosh.csproj]
C:\Users\danie\source\repos\CSide - Umbraco\Controllers\ContentManagerController.cs(48,48): error CS1061: 'UmbracoHelper' does not contain a definition for 'ContentAtXPath' and no accessible extension method 'ContentAtXPath' accepting a first argument of type 'UmbracoHelper' could be found (are you missing a using directive or an assembly reference?) [C:\Users\danie\source\repos\CSide - Umbraco\Woosh.csproj]
    89 Warning(s)
    1 Error(s)

Time Elapsed 00:00:05.99
